// Vitest Snapshot v1, https://vitest.dev/guide/snapshot.html

exports[`Accordion Component > renders Accordion component correctly 1`] = `"<div class="sui-accordion outlined" data-multiple="true">  </div> <script type="module" src="/mock/path/Accordion.astro?astro&type=script&index=0&lang.ts"></script>"`;

exports[`Accordion Component > renders Accordion with multiple AccordionItem components 1`] = `
"<div class="sui-accordion outlined" data-multiple="true"> <div class="sui-accordion-item" data-open="false"> <button class="sui-accordion-summary not-content" type="button" aria-expanded="false"> <svg style="min-width: 20px" xmlns="http://www.w3.org/2000/svg" prefix="heroicons" class="sui-summary-chevron" height="20" width="20" viewbox="0 0 20 20"><path fill="currentColor" fill-rule="evenodd" d="M8.22 5.22a.75.75 0 0 1 1.06 0l4.25 4.25a.75.75 0 0 1 0 1.06l-4.25 4.25a.75.75 0 0 1-1.06-1.06L11.94 10L8.22 6.28a.75.75 0 0 1 0-1.06" clip-rule="evenodd"/></svg> <div class="sui-accordion-summary-content">  </div> </button> <div class="sui-accordion-details" aria-hidden="true"> <div class="sui-accordion-content"> Content for item 1 </div> </div> </div>
<div class="sui-accordion-item" data-open="false"> <button class="sui-accordion-summary not-content" type="button" aria-expanded="false"> <svg style="min-width: 20px" xmlns="http://www.w3.org/2000/svg" prefix="heroicons" class="sui-summary-chevron" height="20" width="20" viewbox="0 0 20 20"><path fill="currentColor" fill-rule="evenodd" d="M8.22 5.22a.75.75 0 0 1 1.06 0l4.25 4.25a.75.75 0 0 1 0 1.06l-4.25 4.25a.75.75 0 0 1-1.06-1.06L11.94 10L8.22 6.28a.75.75 0 0 1 0-1.06" clip-rule="evenodd"/></svg> <div class="sui-accordion-summary-content">  </div> </button> <div class="sui-accordion-details" aria-hidden="true"> <div class="sui-accordion-content"> Content for item 2 </div> </div> </div>
<div class="sui-accordion-item" data-open="false"> <button class="sui-accordion-summary not-content" type="button" aria-expanded="false"> <svg style="min-width: 20px" xmlns="http://www.w3.org/2000/svg" prefix="heroicons" class="sui-summary-chevron" height="20" width="20" viewbox="0 0 20 20"><path fill="currentColor" fill-rule="evenodd" d="M8.22 5.22a.75.75 0 0 1 1.06 0l4.25 4.25a.75.75 0 0 1 0 1.06l-4.25 4.25a.75.75 0 0 1-1.06-1.06L11.94 10L8.22 6.28a.75.75 0 0 1 0-1.06" clip-rule="evenodd"/></svg> <div class="sui-accordion-summary-content">  </div> </button> <div class="sui-accordion-details" aria-hidden="true"> <div class="sui-accordion-content"> Content for item 3 </div> </div> </div> </div> <script type="module" src="/mock/path/Accordion.astro?astro&type=script&index=0&lang.ts"></script>"
`;

exports[`Accordion Component > renders AccordionItem component correctly 1`] = `"<div class="sui-accordion-item" data-open="false"> <button class="sui-accordion-summary not-content" type="button" aria-expanded="false"> <svg style="min-width: 20px" xmlns="http://www.w3.org/2000/svg" prefix="heroicons" class="sui-summary-chevron" height="20" width="20" viewbox="0 0 20 20"><path fill="currentColor" fill-rule="evenodd" d="M8.22 5.22a.75.75 0 0 1 1.06 0l4.25 4.25a.75.75 0 0 1 0 1.06l-4.25 4.25a.75.75 0 0 1-1.06-1.06L11.94 10L8.22 6.28a.75.75 0 0 1 0-1.06" clip-rule="evenodd"/></svg> <div class="sui-accordion-summary-content">  </div> </button> <div class="sui-accordion-details" aria-hidden="true"> <div class="sui-accordion-content">  </div> </div> </div>"`;
