// Vitest Snapshot v1, https://vitest.dev/guide/snapshot.html

exports[`Card Component > renders Card component correctly 1`] = `"<div class="sui-card default"> <div class="sui-card-header">  </div> <div class="sui-card-body"> Lorem ipsum dolor sit amet, consectetur adipiscing elit, sed do eiusmod tempor incididunt ut labore et dolore magna aliqua. Ut enim ad minim veniam, quis nostrud exercitation ullamco laboris nisi ut aliquip ex ea commodo consequat. Duis aute irure dolor in reprehenderit in voluptate velit esse cillum dolore eu fugiat nulla pariatur. Excepteur sint occaecat cupidatat non proident, sunt in culpa qui officia deserunt mollit anim id est laborum. </div> <div class="sui-card-footer">  </div> </div>"`;

exports[`Card Component > renders Card with { name: 'default', content: 'Default Slot' } slot 1`] = `"<div class="sui-card default"> <div class="sui-card-header">  </div> <div class="sui-card-body"> Lorem ipsum dolor sit amet, consectetur adipiscing elit, sed do eiusmod tempor incididunt ut labore et dolore magna aliqua. Ut enim ad minim veniam, quis nostrud exercitation ullamco laboris nisi ut aliquip ex ea commodo consequat. Duis aute irure dolor in reprehenderit in voluptate velit esse cillum dolore eu fugiat nulla pariatur. Excepteur sint occaecat cupidatat non proident, sunt in culpa qui officia deserunt mollit anim id est laborum. </div> <div class="sui-card-footer">  </div> </div>"`;

exports[`Card Component > renders Card with { name: 'footer', content: 'Footer Slot' } slot 1`] = `"<div class="sui-card default"> <div class="sui-card-header">  </div> <div class="sui-card-body"> Lorem ipsum dolor sit amet, consectetur adipiscing elit, sed do eiusmod tempor incididunt ut labore et dolore magna aliqua. Ut enim ad minim veniam, quis nostrud exercitation ullamco laboris nisi ut aliquip ex ea commodo consequat. Duis aute irure dolor in reprehenderit in voluptate velit esse cillum dolore eu fugiat nulla pariatur. Excepteur sint occaecat cupidatat non proident, sunt in culpa qui officia deserunt mollit anim id est laborum. </div> <div class="sui-card-footer"> Footer Slot </div> </div>"`;

exports[`Card Component > renders Card with { name: 'header', content: 'Header Slot' } slot 1`] = `"<div class="sui-card default"> <div class="sui-card-header"> Header Slot </div> <div class="sui-card-body"> Lorem ipsum dolor sit amet, consectetur adipiscing elit, sed do eiusmod tempor incididunt ut labore et dolore magna aliqua. Ut enim ad minim veniam, quis nostrud exercitation ullamco laboris nisi ut aliquip ex ea commodo consequat. Duis aute irure dolor in reprehenderit in voluptate velit esse cillum dolore eu fugiat nulla pariatur. Excepteur sint occaecat cupidatat non proident, sunt in culpa qui officia deserunt mollit anim id est laborum. </div> <div class="sui-card-footer">  </div> </div>"`;

exports[`Card Component > renders Card with props { fullHeight: true } 1`] = `"<div class="sui-card full-h default"> <div class="sui-card-header">  </div> <div class="sui-card-body"> Lorem ipsum dolor sit amet, consectetur adipiscing elit, sed do eiusmod tempor incididunt ut labore et dolore magna aliqua. Ut enim ad minim veniam, quis nostrud exercitation ullamco laboris nisi ut aliquip ex ea commodo consequat. Duis aute irure dolor in reprehenderit in voluptate velit esse cillum dolore eu fugiat nulla pariatur. Excepteur sint occaecat cupidatat non proident, sunt in culpa qui officia deserunt mollit anim id est laborum. </div> <div class="sui-card-footer">  </div> </div>"`;

exports[`Card Component > renders Card with props { fullWidth: true } 1`] = `"<div class="sui-card full-w default"> <div class="sui-card-header">  </div> <div class="sui-card-body"> Lorem ipsum dolor sit amet, consectetur adipiscing elit, sed do eiusmod tempor incididunt ut labore et dolore magna aliqua. Ut enim ad minim veniam, quis nostrud exercitation ullamco laboris nisi ut aliquip ex ea commodo consequat. Duis aute irure dolor in reprehenderit in voluptate velit esse cillum dolore eu fugiat nulla pariatur. Excepteur sint occaecat cupidatat non proident, sunt in culpa qui officia deserunt mollit anim id est laborum. </div> <div class="sui-card-footer">  </div> </div>"`;

exports[`Card Component > renders Card with props { variant: 'default' } 1`] = `"<div class="sui-card default"> <div class="sui-card-header">  </div> <div class="sui-card-body"> Lorem ipsum dolor sit amet, consectetur adipiscing elit, sed do eiusmod tempor incididunt ut labore et dolore magna aliqua. Ut enim ad minim veniam, quis nostrud exercitation ullamco laboris nisi ut aliquip ex ea commodo consequat. Duis aute irure dolor in reprehenderit in voluptate velit esse cillum dolore eu fugiat nulla pariatur. Excepteur sint occaecat cupidatat non proident, sunt in culpa qui officia deserunt mollit anim id est laborum. </div> <div class="sui-card-footer">  </div> </div>"`;

exports[`Card Component > renders Card with props { variant: 'filled' } 1`] = `"<div class="sui-card filled"> <div class="sui-card-header">  </div> <div class="sui-card-body"> Lorem ipsum dolor sit amet, consectetur adipiscing elit, sed do eiusmod tempor incididunt ut labore et dolore magna aliqua. Ut enim ad minim veniam, quis nostrud exercitation ullamco laboris nisi ut aliquip ex ea commodo consequat. Duis aute irure dolor in reprehenderit in voluptate velit esse cillum dolore eu fugiat nulla pariatur. Excepteur sint occaecat cupidatat non proident, sunt in culpa qui officia deserunt mollit anim id est laborum. </div> <div class="sui-card-footer">  </div> </div>"`;
