// Vitest Snapshot v1, https://vitest.dev/guide/snapshot.html

exports[`Checkbox Component > renders Checkbox component correctly 1`] = `"<label for="checkbox-test" class="sui-checkmark-label default md"> <div class="sui-checkmark-container" tabindex="0" role="checkbox" aria-labelledby="label-checkbox-test"> <svg role="presentation" viewBox="0 0 17 18" width="16" height="16" class="sui-checkmark"> <polyline fill="none" points="1 9 7 14 15 4" stroke="currentColor" stroke-dasharray="22" stroke-dashoffset="66" stroke-linecap="round" stroke-linejoin="round" stroke-width="2"></polyline> </svg> <input type="checkbox" name="checkbox-test" id="checkbox-test" class="sui-checkbox" hidden> </div> <span id="label-checkbox-test"> Checkbox Label <span class="req-star"></span> </span> </label> <script type="module" src="/mock/path/Checkbox.astro?astro&type=script&index=0&lang.ts"></script>"`;

exports[`Checkbox Component > renders Checkbox with props "{ label: 'Checkbox Label', name: 'checkbox-test', color: 'danger' }" 1`] = `"<label for="checkbox-test" class="sui-checkmark-label danger md"> <div class="sui-checkmark-container" tabindex="0" role="checkbox" aria-labelledby="label-checkbox-test"> <svg role="presentation" viewBox="0 0 17 18" width="16" height="16" class="sui-checkmark"> <polyline fill="none" points="1 9 7 14 15 4" stroke="currentColor" stroke-dasharray="22" stroke-dashoffset="66" stroke-linecap="round" stroke-linejoin="round" stroke-width="2"></polyline> </svg> <input type="checkbox" name="checkbox-test" id="checkbox-test" class="sui-checkbox" hidden> </div> <span id="label-checkbox-test"> Checkbox Label <span class="req-star"></span> </span> </label> <script type="module" src="/mock/path/Checkbox.astro?astro&type=script&index=0&lang.ts"></script>"`;

exports[`Checkbox Component > renders Checkbox with props "{ label: 'Checkbox Label', name: 'checkbox-test', color: 'default' }" 1`] = `"<label for="checkbox-test" class="sui-checkmark-label default md"> <div class="sui-checkmark-container" tabindex="0" role="checkbox" aria-labelledby="label-checkbox-test"> <svg role="presentation" viewBox="0 0 17 18" width="16" height="16" class="sui-checkmark"> <polyline fill="none" points="1 9 7 14 15 4" stroke="currentColor" stroke-dasharray="22" stroke-dashoffset="66" stroke-linecap="round" stroke-linejoin="round" stroke-width="2"></polyline> </svg> <input type="checkbox" name="checkbox-test" id="checkbox-test" class="sui-checkbox" hidden> </div> <span id="label-checkbox-test"> Checkbox Label <span class="req-star"></span> </span> </label> <script type="module" src="/mock/path/Checkbox.astro?astro&type=script&index=0&lang.ts"></script>"`;

exports[`Checkbox Component > renders Checkbox with props "{ label: 'Checkbox Label', name: 'checkbox-test', color: 'info' }" 1`] = `"<label for="checkbox-test" class="sui-checkmark-label info md"> <div class="sui-checkmark-container" tabindex="0" role="checkbox" aria-labelledby="label-checkbox-test"> <svg role="presentation" viewBox="0 0 17 18" width="16" height="16" class="sui-checkmark"> <polyline fill="none" points="1 9 7 14 15 4" stroke="currentColor" stroke-dasharray="22" stroke-dashoffset="66" stroke-linecap="round" stroke-linejoin="round" stroke-width="2"></polyline> </svg> <input type="checkbox" name="checkbox-test" id="checkbox-test" class="sui-checkbox" hidden> </div> <span id="label-checkbox-test"> Checkbox Label <span class="req-star"></span> </span> </label> <script type="module" src="/mock/path/Checkbox.astro?astro&type=script&index=0&lang.ts"></script>"`;

exports[`Checkbox Component > renders Checkbox with props "{ label: 'Checkbox Label', name: 'checkbox-test', color: 'mono' }" 1`] = `"<label for="checkbox-test" class="sui-checkmark-label mono md"> <div class="sui-checkmark-container" tabindex="0" role="checkbox" aria-labelledby="label-checkbox-test"> <svg role="presentation" viewBox="0 0 17 18" width="16" height="16" class="sui-checkmark"> <polyline fill="none" points="1 9 7 14 15 4" stroke="currentColor" stroke-dasharray="22" stroke-dashoffset="66" stroke-linecap="round" stroke-linejoin="round" stroke-width="2"></polyline> </svg> <input type="checkbox" name="checkbox-test" id="checkbox-test" class="sui-checkbox" hidden> </div> <span id="label-checkbox-test"> Checkbox Label <span class="req-star"></span> </span> </label> <script type="module" src="/mock/path/Checkbox.astro?astro&type=script&index=0&lang.ts"></script>"`;

exports[`Checkbox Component > renders Checkbox with props "{ label: 'Checkbox Label', name: 'checkbox-test', color: 'primary' }" 1`] = `"<label for="checkbox-test" class="sui-checkmark-label primary md"> <div class="sui-checkmark-container" tabindex="0" role="checkbox" aria-labelledby="label-checkbox-test"> <svg role="presentation" viewBox="0 0 17 18" width="16" height="16" class="sui-checkmark"> <polyline fill="none" points="1 9 7 14 15 4" stroke="currentColor" stroke-dasharray="22" stroke-dashoffset="66" stroke-linecap="round" stroke-linejoin="round" stroke-width="2"></polyline> </svg> <input type="checkbox" name="checkbox-test" id="checkbox-test" class="sui-checkbox" hidden> </div> <span id="label-checkbox-test"> Checkbox Label <span class="req-star"></span> </span> </label> <script type="module" src="/mock/path/Checkbox.astro?astro&type=script&index=0&lang.ts"></script>"`;

exports[`Checkbox Component > renders Checkbox with props "{ label: 'Checkbox Label', name: 'checkbox-test', color: 'success' }" 1`] = `"<label for="checkbox-test" class="sui-checkmark-label success md"> <div class="sui-checkmark-container" tabindex="0" role="checkbox" aria-labelledby="label-checkbox-test"> <svg role="presentation" viewBox="0 0 17 18" width="16" height="16" class="sui-checkmark"> <polyline fill="none" points="1 9 7 14 15 4" stroke="currentColor" stroke-dasharray="22" stroke-dashoffset="66" stroke-linecap="round" stroke-linejoin="round" stroke-width="2"></polyline> </svg> <input type="checkbox" name="checkbox-test" id="checkbox-test" class="sui-checkbox" hidden> </div> <span id="label-checkbox-test"> Checkbox Label <span class="req-star"></span> </span> </label> <script type="module" src="/mock/path/Checkbox.astro?astro&type=script&index=0&lang.ts"></script>"`;

exports[`Checkbox Component > renders Checkbox with props "{ label: 'Checkbox Label', name: 'checkbox-test', color: 'warning' }" 1`] = `"<label for="checkbox-test" class="sui-checkmark-label warning md"> <div class="sui-checkmark-container" tabindex="0" role="checkbox" aria-labelledby="label-checkbox-test"> <svg role="presentation" viewBox="0 0 17 18" width="16" height="16" class="sui-checkmark"> <polyline fill="none" points="1 9 7 14 15 4" stroke="currentColor" stroke-dasharray="22" stroke-dashoffset="66" stroke-linecap="round" stroke-linejoin="round" stroke-width="2"></polyline> </svg> <input type="checkbox" name="checkbox-test" id="checkbox-test" class="sui-checkbox" hidden> </div> <span id="label-checkbox-test"> Checkbox Label <span class="req-star"></span> </span> </label> <script type="module" src="/mock/path/Checkbox.astro?astro&type=script&index=0&lang.ts"></script>"`;

exports[`Checkbox Component > renders Checkbox with props "{ label: 'Checkbox Label', name: 'checkbox-test', defaultChecked: true }" 1`] = `"<label for="checkbox-test" class="sui-checkmark-label default md"> <div class="sui-checkmark-container" tabindex="0" role="checkbox" aria-checked="true" aria-labelledby="label-checkbox-test"> <svg role="presentation" viewBox="0 0 17 18" width="16" height="16" class="sui-checkmark"> <polyline fill="none" points="1 9 7 14 15 4" stroke="currentColor" stroke-dasharray="22" stroke-dashoffset="66" stroke-linecap="round" stroke-linejoin="round" stroke-width="2"></polyline> </svg> <input type="checkbox" name="checkbox-test" id="checkbox-test" checked class="sui-checkbox" hidden aria-checked="true"> </div> <span id="label-checkbox-test"> Checkbox Label <span class="req-star"></span> </span> </label> <script type="module" src="/mock/path/Checkbox.astro?astro&type=script&index=0&lang.ts"></script>"`;

exports[`Checkbox Component > renders Checkbox with props "{ label: 'Checkbox Label', name: 'checkbox-test', disabled: true }" 1`] = `"<label for="checkbox-test" class="sui-checkmark-label disabled default md"> <div class="sui-checkmark-container" tabindex="0" role="checkbox" aria-labelledby="label-checkbox-test"> <svg role="presentation" viewBox="0 0 17 18" width="16" height="16" class="sui-checkmark"> <polyline fill="none" points="1 9 7 14 15 4" stroke="currentColor" stroke-dasharray="22" stroke-dashoffset="66" stroke-linecap="round" stroke-linejoin="round" stroke-width="2"></polyline> </svg> <input type="checkbox" name="checkbox-test" id="checkbox-test" disabled class="sui-checkbox" hidden> </div> <span id="label-checkbox-test"> Checkbox Label <span class="req-star"></span> </span> </label> <script type="module" src="/mock/path/Checkbox.astro?astro&type=script&index=0&lang.ts"></script>"`;

exports[`Checkbox Component > renders Checkbox with props "{ label: 'Checkbox Label', name: 'checkbox-test', isRequired: true }" 1`] = `"<label for="checkbox-test" class="sui-checkmark-label default md"> <div class="sui-checkmark-container" tabindex="0" role="checkbox" aria-labelledby="label-checkbox-test"> <svg role="presentation" viewBox="0 0 17 18" width="16" height="16" class="sui-checkmark"> <polyline fill="none" points="1 9 7 14 15 4" stroke="currentColor" stroke-dasharray="22" stroke-dashoffset="66" stroke-linecap="round" stroke-linejoin="round" stroke-width="2"></polyline> </svg> <input type="checkbox" name="checkbox-test" id="checkbox-test" required class="sui-checkbox" hidden> </div> <span id="label-checkbox-test"> Checkbox Label <span class="req-star">*</span> </span> </label> <script type="module" src="/mock/path/Checkbox.astro?astro&type=script&index=0&lang.ts"></script>"`;

exports[`Checkbox Component > renders Checkbox with props "{ label: 'Checkbox Label', name: 'checkbox-test', size: 'lg' }" 1`] = `"<label for="checkbox-test" class="sui-checkmark-label default lg"> <div class="sui-checkmark-container" tabindex="0" role="checkbox" aria-labelledby="label-checkbox-test"> <svg role="presentation" viewBox="0 0 17 18" width="24" height="24" class="sui-checkmark"> <polyline fill="none" points="1 9 7 14 15 4" stroke="currentColor" stroke-dasharray="22" stroke-dashoffset="66" stroke-linecap="round" stroke-linejoin="round" stroke-width="2"></polyline> </svg> <input type="checkbox" name="checkbox-test" id="checkbox-test" class="sui-checkbox" hidden> </div> <span id="label-checkbox-test"> Checkbox Label <span class="req-star"></span> </span> </label> <script type="module" src="/mock/path/Checkbox.astro?astro&type=script&index=0&lang.ts"></script>"`;

exports[`Checkbox Component > renders Checkbox with props "{ label: 'Checkbox Label', name: 'checkbox-test', size: 'md' }" 1`] = `"<label for="checkbox-test" class="sui-checkmark-label default md"> <div class="sui-checkmark-container" tabindex="0" role="checkbox" aria-labelledby="label-checkbox-test"> <svg role="presentation" viewBox="0 0 17 18" width="16" height="16" class="sui-checkmark"> <polyline fill="none" points="1 9 7 14 15 4" stroke="currentColor" stroke-dasharray="22" stroke-dashoffset="66" stroke-linecap="round" stroke-linejoin="round" stroke-width="2"></polyline> </svg> <input type="checkbox" name="checkbox-test" id="checkbox-test" class="sui-checkbox" hidden> </div> <span id="label-checkbox-test"> Checkbox Label <span class="req-star"></span> </span> </label> <script type="module" src="/mock/path/Checkbox.astro?astro&type=script&index=0&lang.ts"></script>"`;

exports[`Checkbox Component > renders Checkbox with props "{ label: 'Checkbox Label', name: 'checkbox-test', size: 'sm' }" 1`] = `"<label for="checkbox-test" class="sui-checkmark-label default sm"> <div class="sui-checkmark-container" tabindex="0" role="checkbox" aria-labelledby="label-checkbox-test"> <svg role="presentation" viewBox="0 0 17 18" width="14" height="14" class="sui-checkmark"> <polyline fill="none" points="1 9 7 14 15 4" stroke="currentColor" stroke-dasharray="22" stroke-dashoffset="66" stroke-linecap="round" stroke-linejoin="round" stroke-width="2"></polyline> </svg> <input type="checkbox" name="checkbox-test" id="checkbox-test" class="sui-checkbox" hidden> </div> <span id="label-checkbox-test"> Checkbox Label <span class="req-star"></span> </span> </label> <script type="module" src="/mock/path/Checkbox.astro?astro&type=script&index=0&lang.ts"></script>"`;

exports[`Checkbox Component > renders Checkbox with props "{ label: 'Checkbox Label', name: 'checkbox-test', value: 'customValue' }" 1`] = `"<label for="checkbox-test" class="sui-checkmark-label default md"> <div class="sui-checkmark-container" tabindex="0" role="checkbox" aria-labelledby="label-checkbox-test"> <svg role="presentation" viewBox="0 0 17 18" width="16" height="16" class="sui-checkmark"> <polyline fill="none" points="1 9 7 14 15 4" stroke="currentColor" stroke-dasharray="22" stroke-dashoffset="66" stroke-linecap="round" stroke-linejoin="round" stroke-width="2"></polyline> </svg> <input type="checkbox" name="checkbox-test" id="checkbox-test" class="sui-checkbox" value="customValue" hidden> </div> <span id="label-checkbox-test"> Checkbox Label <span class="req-star"></span> </span> </label> <script type="module" src="/mock/path/Checkbox.astro?astro&type=script&index=0&lang.ts"></script>"`;
