// Vitest Snapshot v1, https://vitest.dev/guide/snapshot.html

exports[`Divider Component > renders Divider component correctly 1`] = `"<div class="sui-divider-container"> <hr class="sui-divider-line"> <div class="sui-divider-content" style="background-color: var(--background-base); padding: 0">  </div> </div>"`;

exports[`Divider Component > renders Divider with props "{ background: 'background-base' }" 1`] = `"<div class="sui-divider-container"> <hr class="sui-divider-line"> <div class="sui-divider-content" style="background-color: var(--background-base); padding: 0">  </div> </div>"`;

exports[`Divider Component > renders Divider with props "{ background: 'background-step-1' }" 1`] = `"<div class="sui-divider-container"> <hr class="sui-divider-line"> <div class="sui-divider-content" style="background-color: var(--background-step-1); padding: 0">  </div> </div>"`;

exports[`Divider Component > renders Divider with props "{ background: 'background-step-2' }" 1`] = `"<div class="sui-divider-container"> <hr class="sui-divider-line"> <div class="sui-divider-content" style="background-color: var(--background-step-2); padding: 0">  </div> </div>"`;

exports[`Divider Component > renders Divider with props "{ background: 'background-step-3' }" 1`] = `"<div class="sui-divider-container"> <hr class="sui-divider-line"> <div class="sui-divider-content" style="background-color: var(--background-step-3); padding: 0">  </div> </div>"`;

exports[`Divider Component > renders Divider with slotted content 1`] = `"<div class="sui-divider-container"> <hr class="sui-divider-line"> <div class="sui-divider-content" style="background-color: var(--background-base); padding: .25rem .5rem;"> Slotted Content </div> </div>"`;
