// Vitest Snapshot v1, https://vitest.dev/guide/snapshot.html

exports[`Dropdown Component > renders Dropdown component correctly 1`] = `"<div class="sui-dropdown-container" data-align="center" id="dropdown-container" data-trigger="left"> <div class="sui-dropdown-toggle" id="dropdown-toggle-btn">  </div> <ul class="sui-dropdown center" role="listbox" id="dropdown-dropdown" aria-labelledby="dropdown-toggle-btn" style="--offset: 0px;"> <li data-value="default" class="sui-dropdown-option default" role="option" aria-selected="false"> <div class="sui-dropdown-line-container">  <span>Default</span> </div> </li><li data-value="primary" class="sui-dropdown-option primary" role="option" aria-selected="false"> <div class="sui-dropdown-line-container">  <span>Primary</span> </div> </li><li data-value="success" class="sui-dropdown-option success" role="option" aria-selected="false"> <div class="sui-dropdown-line-container">  <span>Success</span> </div> </li><li data-value="warning" class="sui-dropdown-option warning" role="option" aria-selected="false"> <div class="sui-dropdown-line-container">  <span>Warning</span> </div> </li><li data-value="danger" class="sui-dropdown-option danger" role="option" aria-selected="false"> <div class="sui-dropdown-line-container">  <span>Danger</span> </div> </li><li data-value="info" class="sui-dropdown-option info" role="option" aria-selected="false"> <div class="sui-dropdown-line-container">  <span>Info</span> </div> </li><li data-value="mono" class="sui-dropdown-option mono" role="option" aria-selected="false"> <div class="sui-dropdown-line-container">  <span>Monochrome</span> </div> </li><li data-value="disabled" class="sui-dropdown-option disabled" role="option" aria-selected="false"> <div class="sui-dropdown-line-container">  <span>Disabled</span> </div> </li><li data-value="custom-href" class="sui-dropdown-option has-href" role="option" aria-selected="false"> <a href="/" class="sui-dropdown-link sui-dropdown-line-container">  <span>As Link</span> </a> </li> </ul> </div>"`;

exports[`Dropdown Component > renders Dropdown component with props "{ align: 'center' }" 1`] = `"<div class="sui-dropdown-container" data-align="center" id="dropdown-container" data-trigger="left"> <div class="sui-dropdown-toggle" id="dropdown-toggle-btn">  </div> <ul class="sui-dropdown center" role="listbox" id="dropdown-dropdown" aria-labelledby="dropdown-toggle-btn" style="--offset: 0px;"> <li data-value="default" class="sui-dropdown-option default" role="option" aria-selected="false"> <div class="sui-dropdown-line-container">  <span>Default</span> </div> </li><li data-value="primary" class="sui-dropdown-option primary" role="option" aria-selected="false"> <div class="sui-dropdown-line-container">  <span>Primary</span> </div> </li><li data-value="success" class="sui-dropdown-option success" role="option" aria-selected="false"> <div class="sui-dropdown-line-container">  <span>Success</span> </div> </li><li data-value="warning" class="sui-dropdown-option warning" role="option" aria-selected="false"> <div class="sui-dropdown-line-container">  <span>Warning</span> </div> </li><li data-value="danger" class="sui-dropdown-option danger" role="option" aria-selected="false"> <div class="sui-dropdown-line-container">  <span>Danger</span> </div> </li><li data-value="info" class="sui-dropdown-option info" role="option" aria-selected="false"> <div class="sui-dropdown-line-container">  <span>Info</span> </div> </li><li data-value="mono" class="sui-dropdown-option mono" role="option" aria-selected="false"> <div class="sui-dropdown-line-container">  <span>Monochrome</span> </div> </li><li data-value="disabled" class="sui-dropdown-option disabled" role="option" aria-selected="false"> <div class="sui-dropdown-line-container">  <span>Disabled</span> </div> </li><li data-value="custom-href" class="sui-dropdown-option has-href" role="option" aria-selected="false"> <a href="/" class="sui-dropdown-link sui-dropdown-line-container">  <span>As Link</span> </a> </li> </ul> </div>"`;

exports[`Dropdown Component > renders Dropdown component with props "{ align: 'end' }" 1`] = `"<div class="sui-dropdown-container" data-align="end" id="dropdown-container" data-trigger="left"> <div class="sui-dropdown-toggle" id="dropdown-toggle-btn">  </div> <ul class="sui-dropdown end" role="listbox" id="dropdown-dropdown" aria-labelledby="dropdown-toggle-btn" style="--offset: 0px;"> <li data-value="default" class="sui-dropdown-option default" role="option" aria-selected="false"> <div class="sui-dropdown-line-container">  <span>Default</span> </div> </li><li data-value="primary" class="sui-dropdown-option primary" role="option" aria-selected="false"> <div class="sui-dropdown-line-container">  <span>Primary</span> </div> </li><li data-value="success" class="sui-dropdown-option success" role="option" aria-selected="false"> <div class="sui-dropdown-line-container">  <span>Success</span> </div> </li><li data-value="warning" class="sui-dropdown-option warning" role="option" aria-selected="false"> <div class="sui-dropdown-line-container">  <span>Warning</span> </div> </li><li data-value="danger" class="sui-dropdown-option danger" role="option" aria-selected="false"> <div class="sui-dropdown-line-container">  <span>Danger</span> </div> </li><li data-value="info" class="sui-dropdown-option info" role="option" aria-selected="false"> <div class="sui-dropdown-line-container">  <span>Info</span> </div> </li><li data-value="mono" class="sui-dropdown-option mono" role="option" aria-selected="false"> <div class="sui-dropdown-line-container">  <span>Monochrome</span> </div> </li><li data-value="disabled" class="sui-dropdown-option disabled" role="option" aria-selected="false"> <div class="sui-dropdown-line-container">  <span>Disabled</span> </div> </li><li data-value="custom-href" class="sui-dropdown-option has-href" role="option" aria-selected="false"> <a href="/" class="sui-dropdown-link sui-dropdown-line-container">  <span>As Link</span> </a> </li> </ul> </div>"`;

exports[`Dropdown Component > renders Dropdown component with props "{ align: 'start' }" 1`] = `"<div class="sui-dropdown-container" data-align="start" id="dropdown-container" data-trigger="left"> <div class="sui-dropdown-toggle" id="dropdown-toggle-btn">  </div> <ul class="sui-dropdown start" role="listbox" id="dropdown-dropdown" aria-labelledby="dropdown-toggle-btn" style="--offset: 0px;"> <li data-value="default" class="sui-dropdown-option default" role="option" aria-selected="false"> <div class="sui-dropdown-line-container">  <span>Default</span> </div> </li><li data-value="primary" class="sui-dropdown-option primary" role="option" aria-selected="false"> <div class="sui-dropdown-line-container">  <span>Primary</span> </div> </li><li data-value="success" class="sui-dropdown-option success" role="option" aria-selected="false"> <div class="sui-dropdown-line-container">  <span>Success</span> </div> </li><li data-value="warning" class="sui-dropdown-option warning" role="option" aria-selected="false"> <div class="sui-dropdown-line-container">  <span>Warning</span> </div> </li><li data-value="danger" class="sui-dropdown-option danger" role="option" aria-selected="false"> <div class="sui-dropdown-line-container">  <span>Danger</span> </div> </li><li data-value="info" class="sui-dropdown-option info" role="option" aria-selected="false"> <div class="sui-dropdown-line-container">  <span>Info</span> </div> </li><li data-value="mono" class="sui-dropdown-option mono" role="option" aria-selected="false"> <div class="sui-dropdown-line-container">  <span>Monochrome</span> </div> </li><li data-value="disabled" class="sui-dropdown-option disabled" role="option" aria-selected="false"> <div class="sui-dropdown-line-container">  <span>Disabled</span> </div> </li><li data-value="custom-href" class="sui-dropdown-option has-href" role="option" aria-selected="false"> <a href="/" class="sui-dropdown-link sui-dropdown-line-container">  <span>As Link</span> </a> </li> </ul> </div>"`;

exports[`Dropdown Component > renders Dropdown component with props "{ disabled: true }" 1`] = `"<div class="sui-dropdown-container disabled" data-align="center" id="dropdown-container" data-trigger="left"> <div class="sui-dropdown-toggle" id="dropdown-toggle-btn">  </div> <ul class="sui-dropdown center" role="listbox" id="dropdown-dropdown" aria-labelledby="dropdown-toggle-btn" style="--offset: 0px;"> <li data-value="default" class="sui-dropdown-option default" role="option" aria-selected="false"> <div class="sui-dropdown-line-container">  <span>Default</span> </div> </li><li data-value="primary" class="sui-dropdown-option primary" role="option" aria-selected="false"> <div class="sui-dropdown-line-container">  <span>Primary</span> </div> </li><li data-value="success" class="sui-dropdown-option success" role="option" aria-selected="false"> <div class="sui-dropdown-line-container">  <span>Success</span> </div> </li><li data-value="warning" class="sui-dropdown-option warning" role="option" aria-selected="false"> <div class="sui-dropdown-line-container">  <span>Warning</span> </div> </li><li data-value="danger" class="sui-dropdown-option danger" role="option" aria-selected="false"> <div class="sui-dropdown-line-container">  <span>Danger</span> </div> </li><li data-value="info" class="sui-dropdown-option info" role="option" aria-selected="false"> <div class="sui-dropdown-line-container">  <span>Info</span> </div> </li><li data-value="mono" class="sui-dropdown-option mono" role="option" aria-selected="false"> <div class="sui-dropdown-line-container">  <span>Monochrome</span> </div> </li><li data-value="disabled" class="sui-dropdown-option disabled" role="option" aria-selected="false"> <div class="sui-dropdown-line-container">  <span>Disabled</span> </div> </li><li data-value="custom-href" class="sui-dropdown-option has-href" role="option" aria-selected="false"> <a href="/" class="sui-dropdown-link sui-dropdown-line-container">  <span>As Link</span> </a> </li> </ul> </div>"`;

exports[`Dropdown Component > renders Dropdown component with props "{ offset: +0 }" 1`] = `"<div class="sui-dropdown-container" data-align="center" id="dropdown-container" data-trigger="left"> <div class="sui-dropdown-toggle" id="dropdown-toggle-btn">  </div> <ul class="sui-dropdown center" role="listbox" id="dropdown-dropdown" aria-labelledby="dropdown-toggle-btn" style="--offset: 0px;"> <li data-value="default" class="sui-dropdown-option default" role="option" aria-selected="false"> <div class="sui-dropdown-line-container">  <span>Default</span> </div> </li><li data-value="primary" class="sui-dropdown-option primary" role="option" aria-selected="false"> <div class="sui-dropdown-line-container">  <span>Primary</span> </div> </li><li data-value="success" class="sui-dropdown-option success" role="option" aria-selected="false"> <div class="sui-dropdown-line-container">  <span>Success</span> </div> </li><li data-value="warning" class="sui-dropdown-option warning" role="option" aria-selected="false"> <div class="sui-dropdown-line-container">  <span>Warning</span> </div> </li><li data-value="danger" class="sui-dropdown-option danger" role="option" aria-selected="false"> <div class="sui-dropdown-line-container">  <span>Danger</span> </div> </li><li data-value="info" class="sui-dropdown-option info" role="option" aria-selected="false"> <div class="sui-dropdown-line-container">  <span>Info</span> </div> </li><li data-value="mono" class="sui-dropdown-option mono" role="option" aria-selected="false"> <div class="sui-dropdown-line-container">  <span>Monochrome</span> </div> </li><li data-value="disabled" class="sui-dropdown-option disabled" role="option" aria-selected="false"> <div class="sui-dropdown-line-container">  <span>Disabled</span> </div> </li><li data-value="custom-href" class="sui-dropdown-option has-href" role="option" aria-selected="false"> <a href="/" class="sui-dropdown-link sui-dropdown-line-container">  <span>As Link</span> </a> </li> </ul> </div>"`;

exports[`Dropdown Component > renders Dropdown component with props "{ offset: 10 }" 1`] = `"<div class="sui-dropdown-container" data-align="center" id="dropdown-container" data-trigger="left"> <div class="sui-dropdown-toggle" id="dropdown-toggle-btn">  </div> <ul class="sui-dropdown center" role="listbox" id="dropdown-dropdown" aria-labelledby="dropdown-toggle-btn" style="--offset: 10px;"> <li data-value="default" class="sui-dropdown-option default" role="option" aria-selected="false"> <div class="sui-dropdown-line-container">  <span>Default</span> </div> </li><li data-value="primary" class="sui-dropdown-option primary" role="option" aria-selected="false"> <div class="sui-dropdown-line-container">  <span>Primary</span> </div> </li><li data-value="success" class="sui-dropdown-option success" role="option" aria-selected="false"> <div class="sui-dropdown-line-container">  <span>Success</span> </div> </li><li data-value="warning" class="sui-dropdown-option warning" role="option" aria-selected="false"> <div class="sui-dropdown-line-container">  <span>Warning</span> </div> </li><li data-value="danger" class="sui-dropdown-option danger" role="option" aria-selected="false"> <div class="sui-dropdown-line-container">  <span>Danger</span> </div> </li><li data-value="info" class="sui-dropdown-option info" role="option" aria-selected="false"> <div class="sui-dropdown-line-container">  <span>Info</span> </div> </li><li data-value="mono" class="sui-dropdown-option mono" role="option" aria-selected="false"> <div class="sui-dropdown-line-container">  <span>Monochrome</span> </div> </li><li data-value="disabled" class="sui-dropdown-option disabled" role="option" aria-selected="false"> <div class="sui-dropdown-line-container">  <span>Disabled</span> </div> </li><li data-value="custom-href" class="sui-dropdown-option has-href" role="option" aria-selected="false"> <a href="/" class="sui-dropdown-link sui-dropdown-line-container">  <span>As Link</span> </a> </li> </ul> </div>"`;

exports[`Dropdown Component > renders Dropdown component with props "{ triggerOn: 'both' }" 1`] = `"<div class="sui-dropdown-container" data-align="center" id="dropdown-container" data-trigger="both"> <div class="sui-dropdown-toggle" id="dropdown-toggle-btn">  </div> <ul class="sui-dropdown center" role="listbox" id="dropdown-dropdown" aria-labelledby="dropdown-toggle-btn" style="--offset: 0px;"> <li data-value="default" class="sui-dropdown-option default" role="option" aria-selected="false"> <div class="sui-dropdown-line-container">  <span>Default</span> </div> </li><li data-value="primary" class="sui-dropdown-option primary" role="option" aria-selected="false"> <div class="sui-dropdown-line-container">  <span>Primary</span> </div> </li><li data-value="success" class="sui-dropdown-option success" role="option" aria-selected="false"> <div class="sui-dropdown-line-container">  <span>Success</span> </div> </li><li data-value="warning" class="sui-dropdown-option warning" role="option" aria-selected="false"> <div class="sui-dropdown-line-container">  <span>Warning</span> </div> </li><li data-value="danger" class="sui-dropdown-option danger" role="option" aria-selected="false"> <div class="sui-dropdown-line-container">  <span>Danger</span> </div> </li><li data-value="info" class="sui-dropdown-option info" role="option" aria-selected="false"> <div class="sui-dropdown-line-container">  <span>Info</span> </div> </li><li data-value="mono" class="sui-dropdown-option mono" role="option" aria-selected="false"> <div class="sui-dropdown-line-container">  <span>Monochrome</span> </div> </li><li data-value="disabled" class="sui-dropdown-option disabled" role="option" aria-selected="false"> <div class="sui-dropdown-line-container">  <span>Disabled</span> </div> </li><li data-value="custom-href" class="sui-dropdown-option has-href" role="option" aria-selected="false"> <a href="/" class="sui-dropdown-link sui-dropdown-line-container">  <span>As Link</span> </a> </li> </ul> </div>"`;

exports[`Dropdown Component > renders Dropdown component with props "{ triggerOn: 'left' }" 1`] = `"<div class="sui-dropdown-container" data-align="center" id="dropdown-container" data-trigger="left"> <div class="sui-dropdown-toggle" id="dropdown-toggle-btn">  </div> <ul class="sui-dropdown center" role="listbox" id="dropdown-dropdown" aria-labelledby="dropdown-toggle-btn" style="--offset: 0px;"> <li data-value="default" class="sui-dropdown-option default" role="option" aria-selected="false"> <div class="sui-dropdown-line-container">  <span>Default</span> </div> </li><li data-value="primary" class="sui-dropdown-option primary" role="option" aria-selected="false"> <div class="sui-dropdown-line-container">  <span>Primary</span> </div> </li><li data-value="success" class="sui-dropdown-option success" role="option" aria-selected="false"> <div class="sui-dropdown-line-container">  <span>Success</span> </div> </li><li data-value="warning" class="sui-dropdown-option warning" role="option" aria-selected="false"> <div class="sui-dropdown-line-container">  <span>Warning</span> </div> </li><li data-value="danger" class="sui-dropdown-option danger" role="option" aria-selected="false"> <div class="sui-dropdown-line-container">  <span>Danger</span> </div> </li><li data-value="info" class="sui-dropdown-option info" role="option" aria-selected="false"> <div class="sui-dropdown-line-container">  <span>Info</span> </div> </li><li data-value="mono" class="sui-dropdown-option mono" role="option" aria-selected="false"> <div class="sui-dropdown-line-container">  <span>Monochrome</span> </div> </li><li data-value="disabled" class="sui-dropdown-option disabled" role="option" aria-selected="false"> <div class="sui-dropdown-line-container">  <span>Disabled</span> </div> </li><li data-value="custom-href" class="sui-dropdown-option has-href" role="option" aria-selected="false"> <a href="/" class="sui-dropdown-link sui-dropdown-line-container">  <span>As Link</span> </a> </li> </ul> </div>"`;

exports[`Dropdown Component > renders Dropdown component with props "{ triggerOn: 'right' }" 1`] = `"<div class="sui-dropdown-container" data-align="center" id="dropdown-container" data-trigger="right"> <div class="sui-dropdown-toggle" id="dropdown-toggle-btn">  </div> <ul class="sui-dropdown center" role="listbox" id="dropdown-dropdown" aria-labelledby="dropdown-toggle-btn" style="--offset: 0px;"> <li data-value="default" class="sui-dropdown-option default" role="option" aria-selected="false"> <div class="sui-dropdown-line-container">  <span>Default</span> </div> </li><li data-value="primary" class="sui-dropdown-option primary" role="option" aria-selected="false"> <div class="sui-dropdown-line-container">  <span>Primary</span> </div> </li><li data-value="success" class="sui-dropdown-option success" role="option" aria-selected="false"> <div class="sui-dropdown-line-container">  <span>Success</span> </div> </li><li data-value="warning" class="sui-dropdown-option warning" role="option" aria-selected="false"> <div class="sui-dropdown-line-container">  <span>Warning</span> </div> </li><li data-value="danger" class="sui-dropdown-option danger" role="option" aria-selected="false"> <div class="sui-dropdown-line-container">  <span>Danger</span> </div> </li><li data-value="info" class="sui-dropdown-option info" role="option" aria-selected="false"> <div class="sui-dropdown-line-container">  <span>Info</span> </div> </li><li data-value="mono" class="sui-dropdown-option mono" role="option" aria-selected="false"> <div class="sui-dropdown-line-container">  <span>Monochrome</span> </div> </li><li data-value="disabled" class="sui-dropdown-option disabled" role="option" aria-selected="false"> <div class="sui-dropdown-line-container">  <span>Disabled</span> </div> </li><li data-value="custom-href" class="sui-dropdown-option has-href" role="option" aria-selected="false"> <a href="/" class="sui-dropdown-link sui-dropdown-line-container">  <span>As Link</span> </a> </li> </ul> </div>"`;
