// Vitest Snapshot v1, https://vitest.dev/guide/snapshot.html

exports[`Modal Component > renders Modal component correctly 1`] = `
"<dialog popover id="modal-test" data-dismissable="true" class="sui-modal md" data-form="false"> <div class="sui-modal-header">  <button class="x-mark-container" id="modal-test-btn-x"> <svg style="min-width: 24px" xmlns="http://www.w3.org/2000/svg" prefix="heroicons" class="dismiss-icon" height="24" width="24" viewbox="0 0 24 24"><path fill="none" stroke="currentColor" stroke-linecap="round" stroke-linejoin="round" stroke-width="1.5" d="M6 18L18 6M6 6l12 12"/></svg> </button> </div> <form id="modal-test-form-element"> <div class="sui-modal-body"> Lorem ipsum dolor sit amet, consectetur adipiscing elit, sed do eiusmod tempor incididunt ut labore et dolore magna aliqua. Ut enim ad minim veniam, quis nostrud exercitation ullamco laboris nisi ut aliquip ex ea commodo consequat. Duis aute irure dolor in reprehenderit in voluptate velit esse cillum dolore eu fugiat nulla pariatur. Excepteur sint occaecat cupidatat non proident, sunt in culpa qui officia deserunt mollit anim id est laborum.
 </div> <div class="sui-modal-footer">   </div> </form> </dialog>"
`;

exports[`Modal Component > renders Modal with size "{ size: 'lg' }" 1`] = `
"<dialog popover id="modal-test" data-dismissable="true" class="sui-modal lg" data-form="false"> <div class="sui-modal-header">  <button class="x-mark-container" id="modal-test-btn-x"> <svg style="min-width: 24px" xmlns="http://www.w3.org/2000/svg" prefix="heroicons" class="dismiss-icon" height="24" width="24" viewbox="0 0 24 24"><path fill="none" stroke="currentColor" stroke-linecap="round" stroke-linejoin="round" stroke-width="1.5" d="M6 18L18 6M6 6l12 12"/></svg> </button> </div> <form id="modal-test-form-element"> <div class="sui-modal-body"> Lorem ipsum dolor sit amet, consectetur adipiscing elit, sed do eiusmod tempor incididunt ut labore et dolore magna aliqua. Ut enim ad minim veniam, quis nostrud exercitation ullamco laboris nisi ut aliquip ex ea commodo consequat. Duis aute irure dolor in reprehenderit in voluptate velit esse cillum dolore eu fugiat nulla pariatur. Excepteur sint occaecat cupidatat non proident, sunt in culpa qui officia deserunt mollit anim id est laborum.
 </div> <div class="sui-modal-footer">   </div> </form> </dialog>"
`;

exports[`Modal Component > renders Modal with size "{ size: 'md' }" 1`] = `
"<dialog popover id="modal-test" data-dismissable="true" class="sui-modal md" data-form="false"> <div class="sui-modal-header">  <button class="x-mark-container" id="modal-test-btn-x"> <svg style="min-width: 24px" xmlns="http://www.w3.org/2000/svg" prefix="heroicons" class="dismiss-icon" height="24" width="24" viewbox="0 0 24 24"><path fill="none" stroke="currentColor" stroke-linecap="round" stroke-linejoin="round" stroke-width="1.5" d="M6 18L18 6M6 6l12 12"/></svg> </button> </div> <form id="modal-test-form-element"> <div class="sui-modal-body"> Lorem ipsum dolor sit amet, consectetur adipiscing elit, sed do eiusmod tempor incididunt ut labore et dolore magna aliqua. Ut enim ad minim veniam, quis nostrud exercitation ullamco laboris nisi ut aliquip ex ea commodo consequat. Duis aute irure dolor in reprehenderit in voluptate velit esse cillum dolore eu fugiat nulla pariatur. Excepteur sint occaecat cupidatat non proident, sunt in culpa qui officia deserunt mollit anim id est laborum.
 </div> <div class="sui-modal-footer">   </div> </form> </dialog>"
`;

exports[`Modal Component > renders Modal with size "{ size: 'sm' }" 1`] = `
"<dialog popover id="modal-test" data-dismissable="true" class="sui-modal sm" data-form="false"> <div class="sui-modal-header">  <button class="x-mark-container" id="modal-test-btn-x"> <svg style="min-width: 24px" xmlns="http://www.w3.org/2000/svg" prefix="heroicons" class="dismiss-icon" height="24" width="24" viewbox="0 0 24 24"><path fill="none" stroke="currentColor" stroke-linecap="round" stroke-linejoin="round" stroke-width="1.5" d="M6 18L18 6M6 6l12 12"/></svg> </button> </div> <form id="modal-test-form-element"> <div class="sui-modal-body"> Lorem ipsum dolor sit amet, consectetur adipiscing elit, sed do eiusmod tempor incididunt ut labore et dolore magna aliqua. Ut enim ad minim veniam, quis nostrud exercitation ullamco laboris nisi ut aliquip ex ea commodo consequat. Duis aute irure dolor in reprehenderit in voluptate velit esse cillum dolore eu fugiat nulla pariatur. Excepteur sint occaecat cupidatat non proident, sunt in culpa qui officia deserunt mollit anim id est laborum.
 </div> <div class="sui-modal-footer">   </div> </form> </dialog>"
`;
