// Vitest Snapshot v1, https://vitest.dev/guide/snapshot.html

exports[`RadioGroup Component > renders RadioGroup component correctly 1`] = `"<div class="sui-radio-container primary"> <span> Test Radio Group <span class="req-star"></span> </span> <div class="sui-radio-inputs" role="radiogroup"> <label for="option1" class="sui-radio-label"> <div class="sui-radio-box-container"> <div class="sui-radio-box" role="radio" tabindex="0" aria-checked="false" aria-label="Option 1"></div> </div> <input class="sui-radio-toggle" type="radio" value="option1" id="option1" name="test-radio-group"> <span>Option 1</span> </label><label for="option2" class="sui-radio-label"> <div class="sui-radio-box-container"> <div class="sui-radio-box" role="radio" tabindex="-1" aria-checked="true" aria-label="Option 2"></div> </div> <input class="sui-radio-toggle" type="radio" value="option2" id="option2" name="test-radio-group" checked> <span>Option 2</span> </label><label for="option3" class="sui-radio-label"> <div class="sui-radio-box-container"> <div class="sui-radio-box" role="radio" tabindex="-1" aria-checked="false" aria-label="Option 3"></div> </div> <input class="sui-radio-toggle" type="radio" value="option3" id="option3" name="test-radio-group"> <span>Option 3</span> </label> </div> </div> <script type="module" src="/mock/path/RadioGroup.astro?astro&type=script&index=0&lang.ts"></script>"`;

exports[`RadioGroup Component > renders RadioGroup with props: "{ name: 'test-radio-group', label: 'Test Radio Group', options: [ { label: 'Option 1', value: 'option1' }, { label: 'Option 2', value: 'option2' }, { label: 'Option 3', value: 'option3' } ], defaultValue: 'option2', disabled: true }" 1`] = `"<div class="sui-radio-container disabled primary"> <span> Test Radio Group <span class="req-star"></span> </span> <div class="sui-radio-inputs" role="radiogroup"> <label for="option1" class="sui-radio-label"> <div class="sui-radio-box-container"> <div class="sui-radio-box" role="radio" tabindex="0" aria-checked="false" aria-label="Option 1"></div> </div> <input class="sui-radio-toggle" type="radio" value="option1" id="option1" name="test-radio-group" disabled> <span>Option 1</span> </label><label for="option2" class="sui-radio-label"> <div class="sui-radio-box-container"> <div class="sui-radio-box" role="radio" tabindex="-1" aria-checked="true" aria-label="Option 2"></div> </div> <input class="sui-radio-toggle" type="radio" value="option2" id="option2" name="test-radio-group" checked disabled> <span>Option 2</span> </label><label for="option3" class="sui-radio-label"> <div class="sui-radio-box-container"> <div class="sui-radio-box" role="radio" tabindex="-1" aria-checked="false" aria-label="Option 3"></div> </div> <input class="sui-radio-toggle" type="radio" value="option3" id="option3" name="test-radio-group" disabled> <span>Option 3</span> </label> </div> </div> <script type="module" src="/mock/path/RadioGroup.astro?astro&type=script&index=0&lang.ts"></script>"`;

exports[`RadioGroup Component > renders RadioGroup with props: "{ name: 'test-radio-group', label: 'Test Radio Group', options: [ { label: 'Option 1', value: 'option1' }, { label: 'Option 2', value: 'option2' }, { label: 'Option 3', value: 'option3' } ], defaultValue: 'option2', horizontal: true }" 1`] = `"<div class="sui-radio-container horizontal primary"> <span> Test Radio Group <span class="req-star"></span> </span> <div class="sui-radio-inputs" role="radiogroup"> <label for="option1" class="sui-radio-label"> <div class="sui-radio-box-container"> <div class="sui-radio-box" role="radio" tabindex="0" aria-checked="false" aria-label="Option 1"></div> </div> <input class="sui-radio-toggle" type="radio" value="option1" id="option1" name="test-radio-group"> <span>Option 1</span> </label><label for="option2" class="sui-radio-label"> <div class="sui-radio-box-container"> <div class="sui-radio-box" role="radio" tabindex="-1" aria-checked="true" aria-label="Option 2"></div> </div> <input class="sui-radio-toggle" type="radio" value="option2" id="option2" name="test-radio-group" checked> <span>Option 2</span> </label><label for="option3" class="sui-radio-label"> <div class="sui-radio-box-container"> <div class="sui-radio-box" role="radio" tabindex="-1" aria-checked="false" aria-label="Option 3"></div> </div> <input class="sui-radio-toggle" type="radio" value="option3" id="option3" name="test-radio-group"> <span>Option 3</span> </label> </div> </div> <script type="module" src="/mock/path/RadioGroup.astro?astro&type=script&index=0&lang.ts"></script>"`;

exports[`RadioGroup Component > renders RadioGroup with props: "{ name: 'test-radio-group', label: 'Test Radio Group', options: [ { label: 'Option 1', value: 'option1' }, { label: 'Option 2', value: 'option2' }, { label: 'Option 3', value: 'option3' } ], defaultValue: 'option2', isRequired: true }" 1`] = `"<div class="sui-radio-container primary"> <span> Test Radio Group <span class="req-star">*</span> </span> <div class="sui-radio-inputs" role="radiogroup"> <label for="option1" class="sui-radio-label"> <div class="sui-radio-box-container"> <div class="sui-radio-box" role="radio" tabindex="0" aria-checked="false" aria-label="Option 1"></div> </div> <input class="sui-radio-toggle" type="radio" value="option1" id="option1" name="test-radio-group" required> <span>Option 1</span> </label><label for="option2" class="sui-radio-label"> <div class="sui-radio-box-container"> <div class="sui-radio-box" role="radio" tabindex="-1" aria-checked="true" aria-label="Option 2"></div> </div> <input class="sui-radio-toggle" type="radio" value="option2" id="option2" name="test-radio-group" checked required> <span>Option 2</span> </label><label for="option3" class="sui-radio-label"> <div class="sui-radio-box-container"> <div class="sui-radio-box" role="radio" tabindex="-1" aria-checked="false" aria-label="Option 3"></div> </div> <input class="sui-radio-toggle" type="radio" value="option3" id="option3" name="test-radio-group" required> <span>Option 3</span> </label> </div> </div> <script type="module" src="/mock/path/RadioGroup.astro?astro&type=script&index=0&lang.ts"></script>"`;
