// Vitest Snapshot v1, https://vitest.dev/guide/snapshot.html

exports[`SearchSelect Component > renders SearchSelect component correctly 1`] = `"<div id="search-selector-container" class="sui-search-select-label" data-options="[{&#34;label&#34;:&#34;Option 1&#34;,&#34;value&#34;:&#34;opt-1&#34;},{&#34;label&#34;:&#34;Option 2&#34;,&#34;value&#34;:&#34;opt-2&#34;},{&#34;label&#34;:&#34;Option 3&#34;,&#34;value&#34;:&#34;opt-3&#34;}]" data-id="search-selector"> <div class="sui-search-select-dropdown-container"> <div class="sui-search-input-wrapper" id="search-selector-search-input-wrapper"> <label for="search-selector-input" class="sui-input-label"> <span class="label"> Select Element <span class="req-star"></span> </span> <div class="sui-input-wrapper"> <svg style="min-width: 20px" xmlns="http://www.w3.org/2000/svg" prefix="heroicons" class="input-icon icon-right" height="20" width="20" viewbox="0 0 24 24"><path fill="none" stroke="currentColor" stroke-linecap="round" stroke-linejoin="round" stroke-width="1.5" d="M8.25 15L12 18.75L15.75 15m-7.5-6L12 5.25L15.75 9"/></svg>  <input placeholder="Select" name="search-selector-input" id="search-selector-input" type="text" class="sui-input icon-right" role="combobox" aria-controls="search-selector-dropdown" aria-expanded="false" tabindex="0"> </div>  </label> </div> <div class="sui-search-select-dropdown"> <ul class="sui-search-select-dropdown-list" role="listbox" id="search-selector-dropdown"> <li role="option" value="opt-1" class="sui-search-select-option" id data-option-index="0" data-value="opt-1"> Option 1 </li><li role="option" value="opt-2" class="sui-search-select-option" id data-option-index="1" data-value="opt-2"> Option 2 </li><li role="option" value="opt-3" class="sui-search-select-option" id data-option-index="2" data-value="opt-3"> Option 3 </li> </ul> </div> </div> <select class="sui-hidden-search-select" id="search-selector" name="search-selector" hidden tabindex="-1"> <option value> Select </option> <option value="opt-1"> Option 1 </option><option value="opt-2"> Option 2 </option><option value="opt-3"> Option 3 </option> </select>   </div> <script type="module" src="/mock/path/SearchSelect.astro?astro&type=script&index=0&lang.ts"></script>"`;
