// Vitest Snapshot v1, https://vitest.dev/guide/snapshot.html

exports[`Select Component > renders Select component correctly 1`] = `"<div id="select-container" class="sui-select-label" data-options="[{&#34;label&#34;:&#34;Option 1&#34;,&#34;value&#34;:&#34;opt-1&#34;},{&#34;label&#34;:&#34;Option 2&#34;,&#34;value&#34;:&#34;opt-2&#34;},{&#34;label&#34;:&#34;Option 3&#34;,&#34;value&#34;:&#34;opt-3&#34;}]" data-id="select"> <label class="label" for="select-select-btn"> Select Element <span class="req-star"></span> </label> <div class="sui-select-dropdown-container"> <button class="sui-select-button" role="combobox" aria-controls="select-dropdown" aria-expanded="false" id="select-select-btn" tabindex="0" type="button" aria-label="Select" title="Select"> <span class="sui-select-value-span" id="select-value-span"> Select </span> <svg style="min-width: 24px" xmlns="http://www.w3.org/2000/svg" prefix="heroicons" class="sui-select-chevron" height="24" width="24" viewbox="0 0 24 24"><path fill="none" stroke="currentColor" stroke-linecap="round" stroke-linejoin="round" stroke-width="1.5" d="M8.25 15L12 18.75L15.75 15m-7.5-6L12 5.25L15.75 9"/></svg> </button> <div class="sui-select-dropdown"> <ul class="sui-select-dropdown-list" role="listbox" id="select-dropdown"> <li role="option" value="opt-1" class="sui-select-option" id data-option-index="0"> Option 1 </li><li role="option" value="opt-2" class="sui-select-option" id data-option-index="1"> Option 2 </li><li role="option" value="opt-3" class="sui-select-option" id data-option-index="2"> Option 3 </li> </ul> </div> </div> <select class="sui-hidden-select" id="select" name="select" hidden tabindex="-1"> <option value> Select </option> <option value="opt-1"> Option 1 </option><option value="opt-2"> Option 2 </option><option value="opt-3"> Option 3 </option> </select>   </div> <script type="module" src="/mock/path/Select.astro?astro&type=script&index=0&lang.ts"></script>"`;
