// Vitest Snapshot v1, https://vitest.dev/guide/snapshot.html

exports[`Tabs Component > renders Tabs component correctly 1`] = `"<div id="sui-tabs-container-5157f66fd073c" data-unique-id="sui-tabs-container-266b437a19bd1" data-storage-strategy="session" class="sui-tabs-container default left"> <div class="sui-tabs-list" role="tablist"> <button role="tab" type="button" tabindex="0" data-tab-child="tab-4953b414e4e3e" class="sui-tab-header active primary">  <span>Tab 1</span> </button><button role="tab" type="button" tabindex="-1" data-tab-child="tab-dbb36ff231322" class="sui-tab-header primary">  <span>Tab 2</span> </button><button role="tab" type="button" tabindex="-1" data-tab-child="tab-40d4bfa4685a" class="sui-tab-header primary">  <span>Tab 3</span> </button> </div> <div class="sui-tabs-content"> <sui-tab-item id="tab-1" data-label="Tab 1" data-color="primary" data-tab-id="tab-4953b414e4e3e" class="active"> Content for Tab 1 </sui-tab-item> <sui-tab-item id="tab-2" data-label="Tab 2" data-color="primary" data-tab-id="tab-dbb36ff231322"> Content for Tab 2 </sui-tab-item> <sui-tab-item id="tab-3" data-label="Tab 3" data-color="primary" data-tab-id="tab-40d4bfa4685a"> Content for Tab 3 </sui-tab-item>  </div> </div> <script type="module" src="/mock/path/Tabs.astro?astro&type=script&index=0&lang.ts"></script>"`;
