// Vitest Snapshot v1, https://vitest.dev/guide/snapshot.html

exports[`Toaster Component > renders Toaster component correctly 1`] = `"<div id="sui-toaster" class="top-center"> <div id="sui-toast-drawer" data-offset="32" data-gap="8" data-duration="4000" style="top: 32px;left: 50%; transform: translateX(-50%);--gap: 8px;padding-left: 32px;padding-right: 32px;"></div> </div> <script type="module" src="/mock/path/Toaster.astro?astro&type=script&index=0&lang.ts"></script>"`;

exports[`Toaster Component > renders Toaster component with props "{ closeButton: false }" 1`] = `"<div id="sui-toaster" class="top-center"> <div id="sui-toast-drawer" data-offset="32" data-gap="8" data-duration="4000" style="top: 32px;left: 50%; transform: translateX(-50%);--gap: 8px;padding-left: 32px;padding-right: 32px;"></div> </div> <script type="module" src="/mock/path/Toaster.astro?astro&type=script&index=0&lang.ts"></script>"`;

exports[`Toaster Component > renders Toaster component with props "{ closeButton: true }" 1`] = `"<div id="sui-toaster" class="closeable top-center"> <div id="sui-toast-drawer" data-offset="32" data-gap="8" data-duration="4000" style="top: 32px;left: 50%; transform: translateX(-50%);--gap: 8px;padding-left: 32px;padding-right: 32px;"></div> </div> <script type="module" src="/mock/path/Toaster.astro?astro&type=script&index=0&lang.ts"></script>"`;

exports[`Toaster Component > renders Toaster component with props "{ duration: 5000 }" 1`] = `"<div id="sui-toaster" class="top-center"> <div id="sui-toast-drawer" data-offset="32" data-gap="8" data-duration="5000" style="top: 32px;left: 50%; transform: translateX(-50%);--gap: 8px;padding-left: 32px;padding-right: 32px;"></div> </div> <script type="module" src="/mock/path/Toaster.astro?astro&type=script&index=0&lang.ts"></script>"`;

exports[`Toaster Component > renders Toaster component with props "{ duration: 10000 }" 1`] = `"<div id="sui-toaster" class="top-center"> <div id="sui-toast-drawer" data-offset="32" data-gap="8" data-duration="10000" style="top: 32px;left: 50%; transform: translateX(-50%);--gap: 8px;padding-left: 32px;padding-right: 32px;"></div> </div> <script type="module" src="/mock/path/Toaster.astro?astro&type=script&index=0&lang.ts"></script>"`;

exports[`Toaster Component > renders Toaster component with props "{ gap: 15 }" 1`] = `"<div id="sui-toaster" class="top-center"> <div id="sui-toast-drawer" data-offset="32" data-gap="15" data-duration="4000" style="top: 32px;left: 50%; transform: translateX(-50%);--gap: 15px;padding-left: 32px;padding-right: 32px;"></div> </div> <script type="module" src="/mock/path/Toaster.astro?astro&type=script&index=0&lang.ts"></script>"`;

exports[`Toaster Component > renders Toaster component with props "{ offset: 20 }" 1`] = `"<div id="sui-toaster" class="top-center"> <div id="sui-toast-drawer" data-offset="20" data-gap="8" data-duration="4000" style="top: 20px;left: 50%; transform: translateX(-50%);--gap: 8px;padding-left: 20px;padding-right: 20px;"></div> </div> <script type="module" src="/mock/path/Toaster.astro?astro&type=script&index=0&lang.ts"></script>"`;

exports[`Toaster Component > renders Toaster component with props "{ position: 'bottom-center' }" 1`] = `"<div id="sui-toaster" class="bottom-center"> <div id="sui-toast-drawer" data-offset="32" data-gap="8" data-duration="4000" style="bottom: 32px;left: 50%; transform: translateX(-50%);--gap: 8px;padding-left: 32px;padding-right: 32px;"></div> </div> <script type="module" src="/mock/path/Toaster.astro?astro&type=script&index=0&lang.ts"></script>"`;

exports[`Toaster Component > renders Toaster component with props "{ position: 'bottom-left' }" 1`] = `"<div id="sui-toaster" class="bottom-left"> <div id="sui-toast-drawer" data-offset="32" data-gap="8" data-duration="4000" style="bottom: 32px;left: 32px--gap: 8px;padding-left: 32px;padding-right: 32px;"></div> </div> <script type="module" src="/mock/path/Toaster.astro?astro&type=script&index=0&lang.ts"></script>"`;

exports[`Toaster Component > renders Toaster component with props "{ position: 'bottom-right' }" 1`] = `"<div id="sui-toaster" class="bottom-right"> <div id="sui-toast-drawer" data-offset="32" data-gap="8" data-duration="4000" style="bottom: 32px;right: 32px--gap: 8px;padding-left: 32px;padding-right: 32px;"></div> </div> <script type="module" src="/mock/path/Toaster.astro?astro&type=script&index=0&lang.ts"></script>"`;

exports[`Toaster Component > renders Toaster component with props "{ position: 'top-center' }" 1`] = `"<div id="sui-toaster" class="top-center"> <div id="sui-toast-drawer" data-offset="32" data-gap="8" data-duration="4000" style="top: 32px;left: 50%; transform: translateX(-50%);--gap: 8px;padding-left: 32px;padding-right: 32px;"></div> </div> <script type="module" src="/mock/path/Toaster.astro?astro&type=script&index=0&lang.ts"></script>"`;

exports[`Toaster Component > renders Toaster component with props "{ position: 'top-left' }" 1`] = `"<div id="sui-toaster" class="top-left"> <div id="sui-toast-drawer" data-offset="32" data-gap="8" data-duration="4000" style="top: 32px;left: 32px--gap: 8px;padding-left: 32px;padding-right: 32px;"></div> </div> <script type="module" src="/mock/path/Toaster.astro?astro&type=script&index=0&lang.ts"></script>"`;

exports[`Toaster Component > renders Toaster component with props "{ position: 'top-right' }" 1`] = `"<div id="sui-toaster" class="top-right"> <div id="sui-toast-drawer" data-offset="32" data-gap="8" data-duration="4000" style="top: 32px;right: 32px--gap: 8px;padding-left: 32px;padding-right: 32px;"></div> </div> <script type="module" src="/mock/path/Toaster.astro?astro&type=script&index=0&lang.ts"></script>"`;
