// Vitest Snapshot v1, https://vitest.dev/guide/snapshot.html

exports[`Toggle Component > renders Toggle component correctly 1`] = `"<label for="toggle" class="sui-toggle-label default md"> <div class="sui-toggle-container"> <div class="sui-toggle-switch" tabindex="0" role="checkbox" aria-checked="false" aria-label="Toggle Label"></div> <input type="checkbox" name="toggle" id="toggle" class="sui-toggle-checkbox" hidden> </div> <span id="label-toggle"> Toggle Label <span class="req-star"></span> </span> </label> <script type="module" src="/mock/path/Toggle.astro?astro&type=script&index=0&lang.ts"></script>"`;

exports[`Toggle Component > renders Toggle component with various props: { color: 'danger' } 1`] = `"<label for="toggle" class="sui-toggle-label danger md"> <div class="sui-toggle-container"> <div class="sui-toggle-switch" tabindex="0" role="checkbox" aria-checked="false" aria-label="Toggle Label"></div> <input type="checkbox" name="toggle" id="toggle" class="sui-toggle-checkbox" hidden> </div> <span id="label-toggle"> Toggle Label <span class="req-star"></span> </span> </label> <script type="module" src="/mock/path/Toggle.astro?astro&type=script&index=0&lang.ts"></script>"`;

exports[`Toggle Component > renders Toggle component with various props: { color: 'default' } 1`] = `"<label for="toggle" class="sui-toggle-label default md"> <div class="sui-toggle-container"> <div class="sui-toggle-switch" tabindex="0" role="checkbox" aria-checked="false" aria-label="Toggle Label"></div> <input type="checkbox" name="toggle" id="toggle" class="sui-toggle-checkbox" hidden> </div> <span id="label-toggle"> Toggle Label <span class="req-star"></span> </span> </label> <script type="module" src="/mock/path/Toggle.astro?astro&type=script&index=0&lang.ts"></script>"`;

exports[`Toggle Component > renders Toggle component with various props: { color: 'info' } 1`] = `"<label for="toggle" class="sui-toggle-label info md"> <div class="sui-toggle-container"> <div class="sui-toggle-switch" tabindex="0" role="checkbox" aria-checked="false" aria-label="Toggle Label"></div> <input type="checkbox" name="toggle" id="toggle" class="sui-toggle-checkbox" hidden> </div> <span id="label-toggle"> Toggle Label <span class="req-star"></span> </span> </label> <script type="module" src="/mock/path/Toggle.astro?astro&type=script&index=0&lang.ts"></script>"`;

exports[`Toggle Component > renders Toggle component with various props: { color: 'mono' } 1`] = `"<label for="toggle" class="sui-toggle-label mono md"> <div class="sui-toggle-container"> <div class="sui-toggle-switch" tabindex="0" role="checkbox" aria-checked="false" aria-label="Toggle Label"></div> <input type="checkbox" name="toggle" id="toggle" class="sui-toggle-checkbox" hidden> </div> <span id="label-toggle"> Toggle Label <span class="req-star"></span> </span> </label> <script type="module" src="/mock/path/Toggle.astro?astro&type=script&index=0&lang.ts"></script>"`;

exports[`Toggle Component > renders Toggle component with various props: { color: 'primary' } 1`] = `"<label for="toggle" class="sui-toggle-label primary md"> <div class="sui-toggle-container"> <div class="sui-toggle-switch" tabindex="0" role="checkbox" aria-checked="false" aria-label="Toggle Label"></div> <input type="checkbox" name="toggle" id="toggle" class="sui-toggle-checkbox" hidden> </div> <span id="label-toggle"> Toggle Label <span class="req-star"></span> </span> </label> <script type="module" src="/mock/path/Toggle.astro?astro&type=script&index=0&lang.ts"></script>"`;

exports[`Toggle Component > renders Toggle component with various props: { color: 'success' } 1`] = `"<label for="toggle" class="sui-toggle-label success md"> <div class="sui-toggle-container"> <div class="sui-toggle-switch" tabindex="0" role="checkbox" aria-checked="false" aria-label="Toggle Label"></div> <input type="checkbox" name="toggle" id="toggle" class="sui-toggle-checkbox" hidden> </div> <span id="label-toggle"> Toggle Label <span class="req-star"></span> </span> </label> <script type="module" src="/mock/path/Toggle.astro?astro&type=script&index=0&lang.ts"></script>"`;

exports[`Toggle Component > renders Toggle component with various props: { color: 'warning' } 1`] = `"<label for="toggle" class="sui-toggle-label warning md"> <div class="sui-toggle-container"> <div class="sui-toggle-switch" tabindex="0" role="checkbox" aria-checked="false" aria-label="Toggle Label"></div> <input type="checkbox" name="toggle" id="toggle" class="sui-toggle-checkbox" hidden> </div> <span id="label-toggle"> Toggle Label <span class="req-star"></span> </span> </label> <script type="module" src="/mock/path/Toggle.astro?astro&type=script&index=0&lang.ts"></script>"`;

exports[`Toggle Component > renders Toggle component with various props: { defaultChecked: true } 1`] = `"<label for="toggle" class="sui-toggle-label default md"> <div class="sui-toggle-container"> <div class="sui-toggle-switch" tabindex="0" role="checkbox" aria-checked="true" aria-label="Toggle Label"></div> <input type="checkbox" name="toggle" id="toggle" checked class="sui-toggle-checkbox" hidden> </div> <span id="label-toggle"> Toggle Label <span class="req-star"></span> </span> </label> <script type="module" src="/mock/path/Toggle.astro?astro&type=script&index=0&lang.ts"></script>"`;

exports[`Toggle Component > renders Toggle component with various props: { disabled: true } 1`] = `"<label for="toggle" class="sui-toggle-label disabled default md"> <div class="sui-toggle-container"> <div class="sui-toggle-switch" tabindex="0" role="checkbox" aria-checked="false" aria-label="Toggle Label"></div> <input type="checkbox" name="toggle" id="toggle" disabled class="sui-toggle-checkbox" hidden> </div> <span id="label-toggle"> Toggle Label <span class="req-star"></span> </span> </label> <script type="module" src="/mock/path/Toggle.astro?astro&type=script&index=0&lang.ts"></script>"`;

exports[`Toggle Component > renders Toggle component with various props: { isRequired: true } 1`] = `"<label for="toggle" class="sui-toggle-label default md"> <div class="sui-toggle-container"> <div class="sui-toggle-switch" tabindex="0" role="checkbox" aria-checked="false" aria-label="Toggle Label"></div> <input type="checkbox" name="toggle" id="toggle" required class="sui-toggle-checkbox" hidden> </div> <span id="label-toggle"> Toggle Label <span class="req-star">*</span> </span> </label> <script type="module" src="/mock/path/Toggle.astro?astro&type=script&index=0&lang.ts"></script>"`;

exports[`Toggle Component > renders Toggle component with various props: { size: 'lg' } 1`] = `"<label for="toggle" class="sui-toggle-label default lg"> <div class="sui-toggle-container"> <div class="sui-toggle-switch" tabindex="0" role="checkbox" aria-checked="false" aria-label="Toggle Label"></div> <input type="checkbox" name="toggle" id="toggle" class="sui-toggle-checkbox" hidden> </div> <span id="label-toggle"> Toggle Label <span class="req-star"></span> </span> </label> <script type="module" src="/mock/path/Toggle.astro?astro&type=script&index=0&lang.ts"></script>"`;

exports[`Toggle Component > renders Toggle component with various props: { size: 'md' } 1`] = `"<label for="toggle" class="sui-toggle-label default md"> <div class="sui-toggle-container"> <div class="sui-toggle-switch" tabindex="0" role="checkbox" aria-checked="false" aria-label="Toggle Label"></div> <input type="checkbox" name="toggle" id="toggle" class="sui-toggle-checkbox" hidden> </div> <span id="label-toggle"> Toggle Label <span class="req-star"></span> </span> </label> <script type="module" src="/mock/path/Toggle.astro?astro&type=script&index=0&lang.ts"></script>"`;

exports[`Toggle Component > renders Toggle component with various props: { size: 'sm' } 1`] = `"<label for="toggle" class="sui-toggle-label default sm"> <div class="sui-toggle-container"> <div class="sui-toggle-switch" tabindex="0" role="checkbox" aria-checked="false" aria-label="Toggle Label"></div> <input type="checkbox" name="toggle" id="toggle" class="sui-toggle-checkbox" hidden> </div> <span id="label-toggle"> Toggle Label <span class="req-star"></span> </span> </label> <script type="module" src="/mock/path/Toggle.astro?astro&type=script&index=0&lang.ts"></script>"`;
