// Vitest Snapshot v1, https://vitest.dev/guide/snapshot.html

exports[`User Component > renders User component correctly 1`] = `"<div class="sui-user-container"> <div class="sui-avatar-container"> <svg style="min-width: 24px" xmlns="http://www.w3.org/2000/svg" prefix="heroicons" role="img" aria-label="Placeholder avatar for John Doe" height="24" width="24" viewbox="0 0 24 24"><path fill="none" stroke="currentColor" stroke-linecap="round" stroke-linejoin="round" stroke-width="1.5" d="M15.75 6a3.75 3.75 0 1 1-7.5 0a3.75 3.75 0 0 1 7.5 0M4.501 20.118a7.5 7.5 0 0 1 14.998 0A17.9 17.9 0 0 1 12 21.75c-2.676 0-5.216-.584-7.499-1.632"/></svg> </div> <div class="sui-text-content"> <span class="sui-name">John Doe</span> <span class="sui-description">Administrator</span> </div> </div>"`;

exports[`User Component > renders User component with image correctly 1`] = `"<div class="sui-user-container"> <div class="sui-avatar-container"> <img src="https://seccdn.libravatar.org/static/img/mm/80.png" data-image-component="true" loading="lazy" alt="Jane Smith" decoding="async" fetchpriority="auto" width="80" height="80" class="sui-avatar-img"> </div> <div class="sui-text-content"> <span class="sui-name">Jane Smith</span> <span class="sui-description">Editor</span> </div> </div>"`;
