// Vitest Snapshot v1, https://vitest.dev/guide/snapshot.html

exports[`Icon Components > Checkmark component renders correctly 1`] = `"<svg role="presentation" viewBox="0 0 17 18" width="24" height="24"> <polyline fill="none" points="1 9 7 14 15 4" stroke="currentColor" stroke-dasharray="22" stroke-dashoffset="66" stroke-linecap="round" stroke-linejoin="round" stroke-width="2"></polyline> </svg>"`;

exports[`Icon Components > ChevronUpDown component renders correctly 1`] = `"<svg xmlns="http://www.w3.org/2000/svg" fill="none" viewBox="0 0 24 24" width="24" height="24" stroke-width="1.5" stroke="currentColor"> <path stroke-linecap="round" stroke-linejoin="round" d="M8.25 15 12 18.75 15.75 15m-7.5-6L12 5.25 15.75 9"></path> </svg>"`;

exports[`Icon Components > User component renders correctly 1`] = `"<svg xmlns="http://www.w3.org/2000/svg" fill="none" viewBox="0 0 24 24" stroke-width="1.5" stroke="currentColor" width="24" height="24"> <path stroke-linecap="round" stroke-linejoin="round" d="M15.75 6a3.75 3.75 0 1 1-7.5 0 3.75 3.75 0 0 1 7.5 0ZM4.501 20.118a7.5 7.5 0 0 1 14.998 0A17.933 17.933 0 0 1 12 21.75c-2.676 0-5.216-.584-7.499-1.632Z"></path> </svg>"`;

exports[`Icon Components > XMark component renders correctly 1`] = `"<svg xmlns="http://www.w3.org/2000/svg" fill="none" viewBox="0 0 24 24" stroke-width="1.5" stroke="currentColor" width="24" height="24"> <path stroke-linecap="round" stroke-linejoin="round" d="M6 18 18 6M6 6l12 12"></path> </svg>"`;
